  Determining projects to restore...
  Nothing to do. None of the projects specified contain packages to restore.
C:\Program Files\dotnet\sdk\10.0.100\Microsoft.Common.CurrentVersion.targets(2437,5): warning MSB3277: Found conflicts between different versions of "System.Net.Http" that could not be resolved. [c:\Users\jacob\KindredSiege-Clean\Assembly-CSharp.csproj]
C:\Program Files\dotnet\sdk\10.0.100\Microsoft.Common.CurrentVersion.targets(2437,5): warning MSB3277: There was a conflict between "System.Net.Http, Version=4.1.2.0, Culture=neutral, PublicKeyToken=b03f5f7f11d50a3a" and "System.Net.Http, Version=4.2.0.0, Culture=neutral, PublicKeyToken=b03f5f7f11d50a3a". [c:\Users\jacob\KindredSiege-Clean\Assembly-CSharp.csproj]
C:\Program Files\dotnet\sdk\10.0.100\Microsoft.Common.CurrentVersion.targets(2437,5): warning MSB3277:     "System.Net.Http, Version=4.1.2.0, Culture=neutral, PublicKeyToken=b03f5f7f11d50a3a" was chosen because it was primary and "System.Net.Http, Version=4.2.0.0, Culture=neutral, PublicKeyToken=b03f5f7f11d50a3a" was not. [c:\Users\jacob\KindredSiege-Clean\Assembly-CSharp.csproj]
C:\Program Files\dotnet\sdk\10.0.100\Microsoft.Common.CurrentVersion.targets(2437,5): warning MSB3277:     References which depend on "System.Net.Http, Version=4.1.2.0, Culture=neutral, PublicKeyToken=b03f5f7f11d50a3a" [C:\Program Files\Unity\Hub\Editor\2022.3.62f3\Editor\Data\NetStandard\compat\2.1.0\shims\netstandard\System.Net.Http.dll]. [c:\Users\jacob\KindredSiege-Clean\Assembly-CSharp.csproj]
C:\Program Files\dotnet\sdk\10.0.100\Microsoft.Common.CurrentVersion.targets(2437,5): warning MSB3277:         C:\Program Files\Unity\Hub\Editor\2022.3.62f3\Editor\Data\NetStandard\compat\2.1.0\shims\netstandard\System.Net.Http.dll [c:\Users\jacob\KindredSiege-Clean\Assembly-CSharp.csproj]
C:\Program Files\dotnet\sdk\10.0.100\Microsoft.Common.CurrentVersion.targets(2437,5): warning MSB3277:           Project file item includes which caused reference "C:\Program Files\Unity\Hub\Editor\2022.3.62f3\Editor\Data\NetStandard\compat\2.1.0\shims\netstandard\System.Net.Http.dll". [c:\Users\jacob\KindredSiege-Clean\Assembly-CSharp.csproj]
C:\Program Files\dotnet\sdk\10.0.100\Microsoft.Common.CurrentVersion.targets(2437,5): warning MSB3277:             System.Net.Http [c:\Users\jacob\KindredSiege-Clean\Assembly-CSharp.csproj]
C:\Program Files\dotnet\sdk\10.0.100\Microsoft.Common.CurrentVersion.targets(2437,5): warning MSB3277:     References which depend on or have been unified to "System.Net.Http, Version=4.2.0.0, Culture=neutral, PublicKeyToken=b03f5f7f11d50a3a" []. [c:\Users\jacob\KindredSiege-Clean\Assembly-CSharp.csproj]
C:\Program Files\dotnet\sdk\10.0.100\Microsoft.Common.CurrentVersion.targets(2437,5): warning MSB3277:         C:\Users\jacob\KindredSiege-Clean\Library\PackageCache\com.unity.testtools.codecoverage@1.2.6\lib\ReportGenerator\ReportGeneratorMerged.dll [c:\Users\jacob\KindredSiege-Clean\Assembly-CSharp.csproj]
C:\Program Files\dotnet\sdk\10.0.100\Microsoft.Common.CurrentVersion.targets(2437,5): warning MSB3277:           Project file item includes which caused reference "C:\Users\jacob\KindredSiege-Clean\Library\PackageCache\com.unity.testtools.codecoverage@1.2.6\lib\ReportGenerator\ReportGeneratorMerged.dll". [c:\Users\jacob\KindredSiege-Clean\Assembly-CSharp.csproj]
C:\Program Files\dotnet\sdk\10.0.100\Microsoft.Common.CurrentVersion.targets(2437,5): warning MSB3277:             ReportGeneratorMerged [c:\Users\jacob\KindredSiege-Clean\Assembly-CSharp.csproj]
C:\Program Files\dotnet\sdk\10.0.100\Microsoft.Common.CurrentVersion.targets(2437,5): warning MSB3277:             Unity.TestTools.CodeCoverage.Editor [c:\Users\jacob\KindredSiege-Clean\Assembly-CSharp.csproj]
C:\Program Files\dotnet\sdk\10.0.100\Microsoft.Common.CurrentVersion.targets(2437,5): warning MSB3277: Found conflicts between different versions of "System.Security.Cryptography.Algorithms" that could not be resolved. [c:\Users\jacob\KindredSiege-Clean\Assembly-CSharp.csproj]
C:\Program Files\dotnet\sdk\10.0.100\Microsoft.Common.CurrentVersion.targets(2437,5): warning MSB3277: There was a conflict between "System.Security.Cryptography.Algorithms, Version=4.2.2.0, Culture=neutral, PublicKeyToken=b03f5f7f11d50a3a" and "System.Security.Cryptography.Algorithms, Version=4.3.0.0, Culture=neutral, PublicKeyToken=b03f5f7f11d50a3a". [c:\Users\jacob\KindredSiege-Clean\Assembly-CSharp.csproj]
C:\Program Files\dotnet\sdk\10.0.100\Microsoft.Common.CurrentVersion.targets(2437,5): warning MSB3277:     "System.Security.Cryptography.Algorithms, Version=4.2.2.0, Culture=neutral, PublicKeyToken=b03f5f7f11d50a3a" was chosen because it was primary and "System.Security.Cryptography.Algorithms, Version=4.3.0.0, Culture=neutral, PublicKeyToken=b03f5f7f11d50a3a" was not. [c:\Users\jacob\KindredSiege-Clean\Assembly-CSharp.csproj]
C:\Program Files\dotnet\sdk\10.0.100\Microsoft.Common.CurrentVersion.targets(2437,5): warning MSB3277:     References which depend on "System.Security.Cryptography.Algorithms, Version=4.2.2.0, Culture=neutral, PublicKeyToken=b03f5f7f11d50a3a" [C:\Program Files\Unity\Hub\Editor\2022.3.62f3\Editor\Data\NetStandard\compat\2.1.0\shims\netstandard\System.Security.Cryptography.Algorithms.dll]. [c:\Users\jacob\KindredSiege-Clean\Assembly-CSharp.csproj]
C:\Program Files\dotnet\sdk\10.0.100\Microsoft.Common.CurrentVersion.targets(2437,5): warning MSB3277:         C:\Program Files\Unity\Hub\Editor\2022.3.62f3\Editor\Data\NetStandard\compat\2.1.0\shims\netstandard\System.Security.Cryptography.Algorithms.dll [c:\Users\jacob\KindredSiege-Clean\Assembly-CSharp.csproj]
C:\Program Files\dotnet\sdk\10.0.100\Microsoft.Common.CurrentVersion.targets(2437,5): warning MSB3277:           Project file item includes which caused reference "C:\Program Files\Unity\Hub\Editor\2022.3.62f3\Editor\Data\NetStandard\compat\2.1.0\shims\netstandard\System.Security.Cryptography.Algorithms.dll". [c:\Users\jacob\KindredSiege-Clean\Assembly-CSharp.csproj]
C:\Program Files\dotnet\sdk\10.0.100\Microsoft.Common.CurrentVersion.targets(2437,5): warning MSB3277:             System.Security.Cryptography.Algorithms [c:\Users\jacob\KindredSiege-Clean\Assembly-CSharp.csproj]
C:\Program Files\dotnet\sdk\10.0.100\Microsoft.Common.CurrentVersion.targets(2437,5): warning MSB3277:     References which depend on or have been unified to "System.Security.Cryptography.Algorithms, Version=4.3.0.0, Culture=neutral, PublicKeyToken=b03f5f7f11d50a3a" []. [c:\Users\jacob\KindredSiege-Clean\Assembly-CSharp.csproj]
C:\Program Files\dotnet\sdk\10.0.100\Microsoft.Common.CurrentVersion.targets(2437,5): warning MSB3277:         C:\Users\jacob\KindredSiege-Clean\Library\PackageCache\com.unity.testtools.codecoverage@1.2.6\lib\ReportGenerator\ReportGeneratorMerged.dll [c:\Users\jacob\KindredSiege-Clean\Assembly-CSharp.csproj]
C:\Program Files\dotnet\sdk\10.0.100\Microsoft.Common.CurrentVersion.targets(2437,5): warning MSB3277:           Project file item includes which caused reference "C:\Users\jacob\KindredSiege-Clean\Library\PackageCache\com.unity.testtools.codecoverage@1.2.6\lib\ReportGenerator\ReportGeneratorMerged.dll". [c:\Users\jacob\KindredSiege-Clean\Assembly-CSharp.csproj]
C:\Program Files\dotnet\sdk\10.0.100\Microsoft.Common.CurrentVersion.targets(2437,5): warning MSB3277:             ReportGeneratorMerged [c:\Users\jacob\KindredSiege-Clean\Assembly-CSharp.csproj]
C:\Program Files\dotnet\sdk\10.0.100\Microsoft.Common.CurrentVersion.targets(2437,5): warning MSB3277:             Unity.TestTools.CodeCoverage.Editor [c:\Users\jacob\KindredSiege-Clean\Assembly-CSharp.csproj]
C:\Users\jacob\KindredSiege-Clean\Assets\Scripts\Battle\RosterManager.cs(5,20): error CS0234: The type or namespace name 'Units' does not exist in the namespace 'KindredSiege' (are you missing an assembly reference?) [c:\Users\jacob\KindredSiege-Clean\Assembly-CSharp.csproj]
C:\Users\jacob\KindredSiege-Clean\Assets\Scripts\UI\CityHUD.cs(8,20): error CS0234: The type or namespace name 'Units' does not exist in the namespace 'KindredSiege' (are you missing an assembly reference?) [c:\Users\jacob\KindredSiege-Clean\Assembly-CSharp.csproj]
C:\Users\jacob\KindredSiege-Clean\Assets\Scripts\Battle\UnitController.cs(6,20): error CS0234: The type or namespace name 'Units' does not exist in the namespace 'KindredSiege' (are you missing an assembly reference?) [c:\Users\jacob\KindredSiege-Clean\Assembly-CSharp.csproj]
C:\Users\jacob\KindredSiege-Clean\Assets\Scripts\Units\UnitData.cs(3,20): error CS0234: The type or namespace name 'Units' does not exist in the namespace 'KindredSiege' (are you missing an assembly reference?) [c:\Users\jacob\KindredSiege-Clean\Assembly-CSharp.csproj]
C:\Users\jacob\KindredSiege-Clean\Assets\Scripts\Core\EventBus.cs(83,36): error CS0234: The type or namespace name 'EncounterType' does not exist in the namespace 'KindredSiege.Battle' (are you missing an assembly reference?) [c:\Users\jacob\KindredSiege-Clean\Assembly-CSharp.csproj]
C:\Users\jacob\KindredSiege-Clean\Assets\Scripts\Core\EventBus.cs(84,34): error CS0234: The type or namespace name 'DistrictType' does not exist in the namespace 'KindredSiege.City' (are you missing an assembly reference?) [c:\Users\jacob\KindredSiege-Clean\Assembly-CSharp.csproj]
C:\Users\jacob\KindredSiege-Clean\Assets\Scripts\City\CityManager.cs(178,13): error CS0246: The type or namespace name 'DistrictType' could not be found (are you missing a using directive or an assembly reference?) [c:\Users\jacob\KindredSiege-Clean\Assembly-CSharp.csproj]
C:\Users\jacob\KindredSiege-Clean\Assets\Scripts\City\BuildingData.cs(26,16): error CS0246: The type or namespace name 'DistrictType' could not be found (are you missing a using directive or an assembly reference?) [c:\Users\jacob\KindredSiege-Clean\Assembly-CSharp.csproj]
C:\Users\jacob\KindredSiege-Clean\Assets\Scripts\Battle\BattleManager.cs(75,44): error CS0246: The type or namespace name 'EncounterType' could not be found (are you missing a using directive or an assembly reference?) [c:\Users\jacob\KindredSiege-Clean\Assembly-CSharp.csproj]
C:\Users\jacob\KindredSiege-Clean\Assets\Scripts\Battle\BattleManager.cs(76,57): error CS0234: The type or namespace name 'DistrictType' does not exist in the namespace 'KindredSiege.City' (are you missing an assembly reference?) [c:\Users\jacob\KindredSiege-Clean\Assembly-CSharp.csproj]
C:\Users\jacob\KindredSiege-Clean\Assets\Scripts\Battle\BattleManager.cs(77,16): error CS0246: The type or namespace name 'EncounterType' could not be found (are you missing a using directive or an assembly reference?) [c:\Users\jacob\KindredSiege-Clean\Assembly-CSharp.csproj]
C:\Users\jacob\KindredSiege-Clean\Assets\Scripts\Battle\BattleManager.cs(67,17): error CS0246: The type or namespace name 'EncounterType' could not be found (are you missing a using directive or an assembly reference?) [c:\Users\jacob\KindredSiege-Clean\Assembly-CSharp.csproj]
C:\Users\jacob\KindredSiege-Clean\Assets\Scripts\Battle\BattleManager.cs(68,35): error CS0234: The type or namespace name 'DistrictType' does not exist in the namespace 'KindredSiege.City' (are you missing an assembly reference?) [c:\Users\jacob\KindredSiege-Clean\Assembly-CSharp.csproj]
C:\Users\jacob\KindredSiege-Clean\Assets\Scripts\Units\UnitData.cs(99,31): error CS0246: The type or namespace name 'TalentNodeId' could not be found (are you missing a using directive or an assembly reference?) [c:\Users\jacob\KindredSiege-Clean\Assembly-CSharp.csproj]
C:\Users\jacob\KindredSiege-Clean\Assets\Scripts\Battle\TraumaPhobiaSystem.cs(69,52): error CS0234: The type or namespace name 'Units' does not exist in the namespace 'KindredSiege' (are you missing an assembly reference?) [c:\Users\jacob\KindredSiege-Clean\Assembly-CSharp.csproj]
C:\Users\jacob\KindredSiege-Clean\Assets\Scripts\Units\UnitData.cs(93,21): error CS0246: The type or namespace name 'TalentNodeId' could not be found (are you missing a using directive or an assembly reference?) [c:\Users\jacob\KindredSiege-Clean\Assembly-CSharp.csproj]
C:\Users\jacob\KindredSiege-Clean\Assets\Scripts\City\CityManager.cs(178,43): error CS0103: The name 'DistrictType' does not exist in the current context [c:\Users\jacob\KindredSiege-Clean\Assembly-CSharp.csproj]

Build FAILED.

C:\Program Files\dotnet\sdk\10.0.100\Microsoft.Common.CurrentVersion.targets(2437,5): warning MSB3277: Found conflicts between different versions of "System.Net.Http" that could not be resolved. [c:\Users\jacob\KindredSiege-Clean\Assembly-CSharp.csproj]
C:\Program Files\dotnet\sdk\10.0.100\Microsoft.Common.CurrentVersion.targets(2437,5): warning MSB3277: There was a conflict between "System.Net.Http, Version=4.1.2.0, Culture=neutral, PublicKeyToken=b03f5f7f11d50a3a" and "System.Net.Http, Version=4.2.0.0, Culture=neutral, PublicKeyToken=b03f5f7f11d50a3a". [c:\Users\jacob\KindredSiege-Clean\Assembly-CSharp.csproj]
C:\Program Files\dotnet\sdk\10.0.100\Microsoft.Common.CurrentVersion.targets(2437,5): warning MSB3277:     "System.Net.Http, Version=4.1.2.0, Culture=neutral, PublicKeyToken=b03f5f7f11d50a3a" was chosen because it was primary and "System.Net.Http, Version=4.2.0.0, Culture=neutral, PublicKeyToken=b03f5f7f11d50a3a" was not. [c:\Users\jacob\KindredSiege-Clean\Assembly-CSharp.csproj]
C:\Program Files\dotnet\sdk\10.0.100\Microsoft.Common.CurrentVersion.targets(2437,5): warning MSB3277:     References which depend on "System.Net.Http, Version=4.1.2.0, Culture=neutral, PublicKeyToken=b03f5f7f11d50a3a" [C:\Program Files\Unity\Hub\Editor\2022.3.62f3\Editor\Data\NetStandard\compat\2.1.0\shims\netstandard\System.Net.Http.dll]. [c:\Users\jacob\KindredSiege-Clean\Assembly-CSharp.csproj]
C:\Program Files\dotnet\sdk\10.0.100\Microsoft.Common.CurrentVersion.targets(2437,5): warning MSB3277:         C:\Program Files\Unity\Hub\Editor\2022.3.62f3\Editor\Data\NetStandard\compat\2.1.0\shims\netstandard\System.Net.Http.dll [c:\Users\jacob\KindredSiege-Clean\Assembly-CSharp.csproj]
C:\Program Files\dotnet\sdk\10.0.100\Microsoft.Common.CurrentVersion.targets(2437,5): warning MSB3277:           Project file item includes which caused reference "C:\Program Files\Unity\Hub\Editor\2022.3.62f3\Editor\Data\NetStandard\compat\2.1.0\shims\netstandard\System.Net.Http.dll". [c:\Users\jacob\KindredSiege-Clean\Assembly-CSharp.csproj]
C:\Program Files\dotnet\sdk\10.0.100\Microsoft.Common.CurrentVersion.targets(2437,5): warning MSB3277:             System.Net.Http [c:\Users\jacob\KindredSiege-Clean\Assembly-CSharp.csproj]
C:\Program Files\dotnet\sdk\10.0.100\Microsoft.Common.CurrentVersion.targets(2437,5): warning MSB3277:     References which depend on or have been unified to "System.Net.Http, Version=4.2.0.0, Culture=neutral, PublicKeyToken=b03f5f7f11d50a3a" []. [c:\Users\jacob\KindredSiege-Clean\Assembly-CSharp.csproj]
C:\Program Files\dotnet\sdk\10.0.100\Microsoft.Common.CurrentVersion.targets(2437,5): warning MSB3277:         C:\Users\jacob\KindredSiege-Clean\Library\PackageCache\com.unity.testtools.codecoverage@1.2.6\lib\ReportGenerator\ReportGeneratorMerged.dll [c:\Users\jacob\KindredSiege-Clean\Assembly-CSharp.csproj]
C:\Program Files\dotnet\sdk\10.0.100\Microsoft.Common.CurrentVersion.targets(2437,5): warning MSB3277:           Project file item includes which caused reference "C:\Users\jacob\KindredSiege-Clean\Library\PackageCache\com.unity.testtools.codecoverage@1.2.6\lib\ReportGenerator\ReportGeneratorMerged.dll". [c:\Users\jacob\KindredSiege-Clean\Assembly-CSharp.csproj]
C:\Program Files\dotnet\sdk\10.0.100\Microsoft.Common.CurrentVersion.targets(2437,5): warning MSB3277:             ReportGeneratorMerged [c:\Users\jacob\KindredSiege-Clean\Assembly-CSharp.csproj]
C:\Program Files\dotnet\sdk\10.0.100\Microsoft.Common.CurrentVersion.targets(2437,5): warning MSB3277:             Unity.TestTools.CodeCoverage.Editor [c:\Users\jacob\KindredSiege-Clean\Assembly-CSharp.csproj]
C:\Program Files\dotnet\sdk\10.0.100\Microsoft.Common.CurrentVersion.targets(2437,5): warning MSB3277: Found conflicts between different versions of "System.Security.Cryptography.Algorithms" that could not be resolved. [c:\Users\jacob\KindredSiege-Clean\Assembly-CSharp.csproj]
C:\Program Files\dotnet\sdk\10.0.100\Microsoft.Common.CurrentVersion.targets(2437,5): warning MSB3277: There was a conflict between "System.Security.Cryptography.Algorithms, Version=4.2.2.0, Culture=neutral, PublicKeyToken=b03f5f7f11d50a3a" and "System.Security.Cryptography.Algorithms, Version=4.3.0.0, Culture=neutral, PublicKeyToken=b03f5f7f11d50a3a". [c:\Users\jacob\KindredSiege-Clean\Assembly-CSharp.csproj]
C:\Program Files\dotnet\sdk\10.0.100\Microsoft.Common.CurrentVersion.targets(2437,5): warning MSB3277:     "System.Security.Cryptography.Algorithms, Version=4.2.2.0, Culture=neutral, PublicKeyToken=b03f5f7f11d50a3a" was chosen because it was primary and "System.Security.Cryptography.Algorithms, Version=4.3.0.0, Culture=neutral, PublicKeyToken=b03f5f7f11d50a3a" was not. [c:\Users\jacob\KindredSiege-Clean\Assembly-CSharp.csproj]
C:\Program Files\dotnet\sdk\10.0.100\Microsoft.Common.CurrentVersion.targets(2437,5): warning MSB3277:     References which depend on "System.Security.Cryptography.Algorithms, Version=4.2.2.0, Culture=neutral, PublicKeyToken=b03f5f7f11d50a3a" [C:\Program Files\Unity\Hub\Editor\2022.3.62f3\Editor\Data\NetStandard\compat\2.1.0\shims\netstandard\System.Security.Cryptography.Algorithms.dll]. [c:\Users\jacob\KindredSiege-Clean\Assembly-CSharp.csproj]
C:\Program Files\dotnet\sdk\10.0.100\Microsoft.Common.CurrentVersion.targets(2437,5): warning MSB3277:         C:\Program Files\Unity\Hub\Editor\2022.3.62f3\Editor\Data\NetStandard\compat\2.1.0\shims\netstandard\System.Security.Cryptography.Algorithms.dll [c:\Users\jacob\KindredSiege-Clean\Assembly-CSharp.csproj]
C:\Program Files\dotnet\sdk\10.0.100\Microsoft.Common.CurrentVersion.targets(2437,5): warning MSB3277:           Project file item includes which caused reference "C:\Program Files\Unity\Hub\Editor\2022.3.62f3\Editor\Data\NetStandard\compat\2.1.0\shims\netstandard\System.Security.Cryptography.Algorithms.dll". [c:\Users\jacob\KindredSiege-Clean\Assembly-CSharp.csproj]
C:\Program Files\dotnet\sdk\10.0.100\Microsoft.Common.CurrentVersion.targets(2437,5): warning MSB3277:             System.Security.Cryptography.Algorithms [c:\Users\jacob\KindredSiege-Clean\Assembly-CSharp.csproj]
C:\Program Files\dotnet\sdk\10.0.100\Microsoft.Common.CurrentVersion.targets(2437,5): warning MSB3277:     References which depend on or have been unified to "System.Security.Cryptography.Algorithms, Version=4.3.0.0, Culture=neutral, PublicKeyToken=b03f5f7f11d50a3a" []. [c:\Users\jacob\KindredSiege-Clean\Assembly-CSharp.csproj]
C:\Program Files\dotnet\sdk\10.0.100\Microsoft.Common.CurrentVersion.targets(2437,5): warning MSB3277:         C:\Users\jacob\KindredSiege-Clean\Library\PackageCache\com.unity.testtools.codecoverage@1.2.6\lib\ReportGenerator\ReportGeneratorMerged.dll [c:\Users\jacob\KindredSiege-Clean\Assembly-CSharp.csproj]
C:\Program Files\dotnet\sdk\10.0.100\Microsoft.Common.CurrentVersion.targets(2437,5): warning MSB3277:           Project file item includes which caused reference "C:\Users\jacob\KindredSiege-Clean\Library\PackageCache\com.unity.testtools.codecoverage@1.2.6\lib\ReportGenerator\ReportGeneratorMerged.dll". [c:\Users\jacob\KindredSiege-Clean\Assembly-CSharp.csproj]
C:\Program Files\dotnet\sdk\10.0.100\Microsoft.Common.CurrentVersion.targets(2437,5): warning MSB3277:             ReportGeneratorMerged [c:\Users\jacob\KindredSiege-Clean\Assembly-CSharp.csproj]
C:\Program Files\dotnet\sdk\10.0.100\Microsoft.Common.CurrentVersion.targets(2437,5): warning MSB3277:             Unity.TestTools.CodeCoverage.Editor [c:\Users\jacob\KindredSiege-Clean\Assembly-CSharp.csproj]
C:\Users\jacob\KindredSiege-Clean\Assets\Scripts\Battle\RosterManager.cs(5,20): error CS0234: The type or namespace name 'Units' does not exist in the namespace 'KindredSiege' (are you missing an assembly reference?) [c:\Users\jacob\KindredSiege-Clean\Assembly-CSharp.csproj]
C:\Users\jacob\KindredSiege-Clean\Assets\Scripts\UI\CityHUD.cs(8,20): error CS0234: The type or namespace name 'Units' does not exist in the namespace 'KindredSiege' (are you missing an assembly reference?) [c:\Users\jacob\KindredSiege-Clean\Assembly-CSharp.csproj]
C:\Users\jacob\KindredSiege-Clean\Assets\Scripts\Battle\UnitController.cs(6,20): error CS0234: The type or namespace name 'Units' does not exist in the namespace 'KindredSiege' (are you missing an assembly reference?) [c:\Users\jacob\KindredSiege-Clean\Assembly-CSharp.csproj]
C:\Users\jacob\KindredSiege-Clean\Assets\Scripts\Units\UnitData.cs(3,20): error CS0234: The type or namespace name 'Units' does not exist in the namespace 'KindredSiege' (are you missing an assembly reference?) [c:\Users\jacob\KindredSiege-Clean\Assembly-CSharp.csproj]
C:\Users\jacob\KindredSiege-Clean\Assets\Scripts\Core\EventBus.cs(83,36): error CS0234: The type or namespace name 'EncounterType' does not exist in the namespace 'KindredSiege.Battle' (are you missing an assembly reference?) [c:\Users\jacob\KindredSiege-Clean\Assembly-CSharp.csproj]
C:\Users\jacob\KindredSiege-Clean\Assets\Scripts\Core\EventBus.cs(84,34): error CS0234: The type or namespace name 'DistrictType' does not exist in the namespace 'KindredSiege.City' (are you missing an assembly reference?) [c:\Users\jacob\KindredSiege-Clean\Assembly-CSharp.csproj]
C:\Users\jacob\KindredSiege-Clean\Assets\Scripts\City\CityManager.cs(178,13): error CS0246: The type or namespace name 'DistrictType' could not be found (are you missing a using directive or an assembly reference?) [c:\Users\jacob\KindredSiege-Clean\Assembly-CSharp.csproj]
C:\Users\jacob\KindredSiege-Clean\Assets\Scripts\City\BuildingData.cs(26,16): error CS0246: The type or namespace name 'DistrictType' could not be found (are you missing a using directive or an assembly reference?) [c:\Users\jacob\KindredSiege-Clean\Assembly-CSharp.csproj]
C:\Users\jacob\KindredSiege-Clean\Assets\Scripts\Battle\BattleManager.cs(75,44): error CS0246: The type or namespace name 'EncounterType' could not be found (are you missing a using directive or an assembly reference?) [c:\Users\jacob\KindredSiege-Clean\Assembly-CSharp.csproj]
C:\Users\jacob\KindredSiege-Clean\Assets\Scripts\Battle\BattleManager.cs(76,57): error CS0234: The type or namespace name 'DistrictType' does not exist in the namespace 'KindredSiege.City' (are you missing an assembly reference?) [c:\Users\jacob\KindredSiege-Clean\Assembly-CSharp.csproj]
C:\Users\jacob\KindredSiege-Clean\Assets\Scripts\Battle\BattleManager.cs(77,16): error CS0246: The type or namespace name 'EncounterType' could not be found (are you missing a using directive or an assembly reference?) [c:\Users\jacob\KindredSiege-Clean\Assembly-CSharp.csproj]
C:\Users\jacob\KindredSiege-Clean\Assets\Scripts\Battle\BattleManager.cs(67,17): error CS0246: The type or namespace name 'EncounterType' could not be found (are you missing a using directive or an assembly reference?) [c:\Users\jacob\KindredSiege-Clean\Assembly-CSharp.csproj]
C:\Users\jacob\KindredSiege-Clean\Assets\Scripts\Battle\BattleManager.cs(68,35): error CS0234: The type or namespace name 'DistrictType' does not exist in the namespace 'KindredSiege.City' (are you missing an assembly reference?) [c:\Users\jacob\KindredSiege-Clean\Assembly-CSharp.csproj]
C:\Users\jacob\KindredSiege-Clean\Assets\Scripts\Units\UnitData.cs(99,31): error CS0246: The type or namespace name 'TalentNodeId' could not be found (are you missing a using directive or an assembly reference?) [c:\Users\jacob\KindredSiege-Clean\Assembly-CSharp.csproj]
C:\Users\jacob\KindredSiege-Clean\Assets\Scripts\Battle\TraumaPhobiaSystem.cs(69,52): error CS0234: The type or namespace name 'Units' does not exist in the namespace 'KindredSiege' (are you missing an assembly reference?) [c:\Users\jacob\KindredSiege-Clean\Assembly-CSharp.csproj]
C:\Users\jacob\KindredSiege-Clean\Assets\Scripts\Units\UnitData.cs(93,21): error CS0246: The type or namespace name 'TalentNodeId' could not be found (are you missing a using directive or an assembly reference?) [c:\Users\jacob\KindredSiege-Clean\Assembly-CSharp.csproj]
C:\Users\jacob\KindredSiege-Clean\Assets\Scripts\City\CityManager.cs(178,43): error CS0103: The name 'DistrictType' does not exist in the current context [c:\Users\jacob\KindredSiege-Clean\Assembly-CSharp.csproj]
    2 Warning(s)
    17 Error(s)

Time Elapsed 00:00:01.34
